  compilation object save succeeded; see D:\Profiles\rj4843\Documents\IGME540\DX11Starter-master\x64\Debug\CustomPS.cso
  compilation object save succeeded; see D:\Profiles\rj4843\Documents\IGME540\DX11Starter-master\x64\Debug\CustomPS2.cso
  compilation object save succeeded; see D:\Profiles\rj4843\Documents\IGME540\DX11Starter-master\x64\Debug\PixelShader.cso
  compilation object save succeeded; see D:\Profiles\rj4843\Documents\IGME540\DX11Starter-master\x64\Debug\ShadowVS.cso
  compilation object save succeeded; see D:\Profiles\rj4843\Documents\IGME540\DX11Starter-master\x64\Debug\SkyPixelShader.cso
  compilation object save succeeded; see D:\Profiles\rj4843\Documents\IGME540\DX11Starter-master\x64\Debug\SkyVertexShader.cso
  compilation object save succeeded; see D:\Profiles\rj4843\Documents\IGME540\DX11Starter-master\x64\Debug\VertexShader.cso
  Camera.cpp
  DXCore.cpp
  Entity.cpp
  Game.cpp
C:\Program Files\Microsoft Visual Studio\2022\Enterprise\VC\Tools\MSVC\14.36.32532\include\xutility(265,77): warning C4244: 'argument': conversion from '_Ty' to 'float', possible loss of data
          with
          [
              _Ty=double
          ]
C:\Program Files\Microsoft Visual Studio\2022\Enterprise\VC\Tools\MSVC\14.36.32532\include\memory(2092,13): message : see reference to function template instantiation 'void std::_Construct_in_place<_Ty,DirectX::XMFLOAT4&,double,std::shared_ptr<SimpleVertexShader>&,std::shared_ptr<SimplePixelShader>&>(_Ty &,DirectX::XMFLOAT4 &,double &&,std::shared_ptr<SimpleVertexShader> &,std::shared_ptr<SimplePixelShader> &) noexcept(false)' being compiled
          with
          [
              _Ty=Material
          ]
C:\Program Files\Microsoft Visual Studio\2022\Enterprise\VC\Tools\MSVC\14.36.32532\include\memory(2765,46): message : see reference to function template instantiation 'std::_Ref_count_obj2<Material>::_Ref_count_obj2<DirectX::XMFLOAT4&,_Ty,std::shared_ptr<SimpleVertexShader>&,std::shared_ptr<SimplePixelShader>&>(DirectX::XMFLOAT4 &,_Ty &&,std::shared_ptr<SimpleVertexShader> &,std::shared_ptr<SimplePixelShader> &)' being compiled
          with
          [
              _Ty=double
          ]
D:\Profiles\rj4843\Documents\IGME540\DX11Starter-master\Game.cpp(420,27): message : see reference to function template instantiation 'std::shared_ptr<Material> std::make_shared<Material,DirectX::XMFLOAT4&,double,std::shared_ptr<SimpleVertexShader>&,std::shared_ptr<SimplePixelShader>&>(DirectX::XMFLOAT4 &,double &&,std::shared_ptr<SimpleVertexShader> &,std::shared_ptr<SimplePixelShader> &)' being compiled
  imgui.cpp
  imgui_demo.cpp
  imgui_draw.cpp
  imgui_impl_dx11.cpp
  imgui_impl_win32.cpp
  imgui_tables.cpp
  imgui_widgets.cpp
  Material.cpp
  Mesh.cpp
  PathHelpers.cpp
  Input.cpp
  Main.cpp
  SimpleShader.cpp
  Sky.cpp
  Transform.cpp
  Generating Code...
  DX11Starter.vcxproj -> D:\Profiles\rj4843\Documents\IGME540\DX11Starter-master\x64\Debug\DX11Starter.exe
